{"remote_addr":"192.0.2.1:1234","accessed_at":"2022-12-26T15:04:05+09:00","user_agent":"go test client","request":"GET / HTTP/1.1","body_byte_sent":4,"first_sent_at":"2022-12-26T15:04:05.01+09:00","last_sent_at":"2022-12-26T15:04:05.01+09:00","first_sent_time":10000,"response_time":10000}
{"remote_addr":"192.0.2.1:1234","accessed_at":"2022-12-26T15:04:06+09:00","user_agent":"go test client","referer":"https://example.com","basic_auth_user":"hoge","request":"GET /hoge HTTP/1.1","body_byte_sent":4,"first_sent_at":"2022-12-26T15:04:06.01+09:00","last_sent_at":"2022-12-26T15:04:06.01+09:00","first_sent_time":10000,"response_time":10000}
{"remote_addr":"222.222.333.333","accessed_at":"2022-12-26T15:04:06.01+09:00","user_agent":"go test client","referer":"https://example.com","basic_auth_user":"hoge","request":"GET /hoge HTTP/1.1","body_byte_sent":4,"first_sent_at":"2022-12-26T15:04:06.02+09:00","last_sent_at":"2022-12-26T15:04:06.02+09:00","first_sent_time":10000,"response_time":10000}
